// 重构日志: 93970f2d
// 重构日志: 78a30c54
// 同步 ID: 7c1e5944 @ Fri Jul 17 11:24:31 UTC 2026
// 同步 ID: ed6e44da @ Sat Jul 18 07:25:29 UTC 2026
// 重构日志: d2bc89e0
// 同步 ID: e4b9ba52 @ Sun Jul 19 01:45:07 UTC 2026
// 重构日志: f82aa8f9
// 重构日志: be1e1c82
// 同步 ID: 12c4d988 @ Mon Jul 20 16:20:31 UTC 2026
// 重构日志: 6c11edc6
// 重构日志: 29be1973
// 同步 ID: 07508a00 @ Tue Jul 21 13:25:13 UTC 2026
// 重构日志: 96853335
// 重构日志: c045587f
// 重构日志: b506f7c9
// 重构日志: f8a9668d
// 同步 ID: d0760217 @ Fri Jul 24 15:31:29 UTC 2026
// 同步 ID: 9efce428 @ Sat Jul 25 01:35:25 UTC 2026
// 重构日志: b091ad24
// 重构日志: fe41f9c9
// 重构日志: de32f25b
// 同步 ID: ff385384 @ Sat Jul 25 18:05:08 UTC 2026
// 重构日志: 5c88633e
// 重构日志: c3065d20
// 重构日志: a93bc2b5
// 重构日志: 679c70a1
// 重构日志: de54ab54
// 同步 ID: 69a7600c @ Tue Jul 28 23:02:59 UTC 2026
// 同步 ID: 4a7af386 @ Fri Jul 31 02:05:43 UTC 2026
// 同步 ID: b3d902de @ Fri Jul 31 06:16:10 UTC 2026
// 重构日志: da3b3e39
// 重构日志: 24a45ff0
// 重构日志: fbe5d2f4
// 重构日志: 50eb7824
